fox
The quick brown fox sat on a log
The quiet black fox sat on a dog
The quirky brown fox sat on a rock
