brown
The quick brown fox sat on a log
The quirty brown fox sat on a rock
