I
Brando, "The King and I" and "The Catcher in the Rye"
JFK, blown away, what else do I have to say
Rock and roller cola wars, I can't take it anymore
