Vronsky
  "Again- again the devil," Vronsky said, taking the hand she had laid
  "Ah! yes," he said, to the announcement that Vronsky had been at the
  "Betsy's been telling me that Count Vronsky wants to come here to
  "But now it's quite decided," said Anna, looking Vronsky straight in
  "But why so?" Vronsky mentioned a few men who were in power. "Why
  "Come, tell me; this is silly!" said Vronsky smiling.
  "Delighted," said Iashvin with a smile, from which Vronsky could see
  "Forgive me, but I rejoice at it," Vronsky interrupted. "For God's
  "Have you known Vronsky long? she asked.
  "Here we live, and know nothing of what's going on," Vronsky said to
  "I don't think so- quite the contrary," Vronsky said, with calm
  "I have not the pleasure of knowing this M. Levin," Vronsky said,
  "I think I do. Or perhaps not... I really am not sure," Vronsky
  "I'm not going," Vronsky answered gloomily.
  "Kitty! Kitty, whom Vronsky was in love with!" thought Anna. "The
  "My mother," Vronsky responded, smiling, as everyone did who met
  "Not in my line," Vronsky answered. He liked that English phrase.
  "Oh, no!" Vronsky said, seeming to understand him with difficulty.
  "Oh, well, so much the better for him," said Vronsky smiling. "Oh,
  "Oh, yes!" Vronsky assented indifferently.
  "That's Iashvin," Vronsky said in answer to Turovtsin, and he sat
  "Three days," Vronsky answered, once more scrutinizing his
  "We're coming directly!" Vronsky shouted to an officer, who looked
  "Well then," Vronsky began, to start a conversation of some sort,
  "Well, how's Frou-Frou?" Vronsky asked in English.
  "What?" said Vronsky angrily, making a wry face of disgust and
  "Where are you going to put the Princess?" said Vronsky in French,
  "Who's that coming?" said Vronsky suddenly, pointing to two ladies
  "Why, you ought to know Vronsky because he's one of your rivals."
  "Will the train be in soon?" Vronsky asked a railway official.
  "Yes, it's true, it's true- now to be truthful!" Vronsky added.
  "Yes, the electric light," said Levin. "Yes. Oh, and where's Vronsky
  "You have never loved," Vronsky said softly, looking straight before
  After crossing the stream Vronsky had complete control of his
  After the conversation with Alexei Alexandrovich, Vronsky went out
  After the game Vronsky and Levin sat down at Gaghin's table, and
  Alexei Alexandrovich, after meeting Vronsky on his own steps, drove,
  An hour later Anna, with Golenishchev by her side and Vronsky on the
  And Vronsky stood up, looking about for a little table.
  Anna and Vronsky had long been exchanging glances, regretting
  Anna was already at home. When Vronsky went up to her, she was in
  At ten o'clock Vronsky came in.
  At that meeting Vronsky perceived that Golenishchev had taken up a
  At that moment Sergei Ivanovich looked upon Vronsky as a man
  At the very moment when Vronsky thought that now was the time to
  Before his brother, as before everyone, Vronsky addressed Anna
  Before leaving the house, Vronsky went into her room. She would have
  Before the mare had time to move, Vronsky stepped with an agile,
  Before Vronsky and Oblonsky came back the ladies heard the facts
  Besides the charm Oblonsky had in general for everyone, Vronsky
  Besides the service and society, Vronsky had another great interest-
  Both Vronsky and Anna felt life in Moscow insupportable in the
  But Vronsky asked whether the picture was for sale? To Mikhailov
  But, without this occupation, the life of Vronsky and of Anna, who
  By addressing his wife thus he meant Vronsky to perceive that he
  Directly Vronsky went toward her, she drew in a deep breath, and,
  During the conversation Vronsky was approaching them.
  During the three months that Vronsky had spent abroad with Anna,
  For the first instant Vronsky was not master either of himself or
  For the first moment only, Vronsky was startled, after the
  From Betsy's tone Vronsky might have grasped what he had to expect
  From the reception room they went into the corridor. Here Vronsky
  Going onto the platform, Vronsky left his mother and disappeared
  Having talked a little while, and noticing that Vronsky glanced at
  He got up, and sobs cut short his words. Vronsky too was getting up,
  He opened the door, and Vronsky went into the horse box, dimly
  Hoping to find her alone, Vronsky alighted, as he always did, to
  Iashvin said good-by, and went away; Vronsky stayed behind.
  In spite of all his social experience Vronsky was, in consequence of
  In spite of his usual courtesy, Vronsky interrupted her.
  In that box on the left were the Kartassovs. Vronsky knew them,
  In the middle of the winter Vronsky spent a very tiresome week. A
  In the mother's eyes there could be no comparison between Vronsky
  It was three years since Vronsky had seen Serpukhovskoy. He looked
  Mikhailov sold Vronsky his picture, and agreed to paint a portrait
  Next day, at eleven o'clock in the morning, Vronsky drove to the
  Now she was afraid that Vronsky might confine himself to simply
  Oblonsky and Vronsky had both seen the mutilated corpse. Oblonsky
  Of pluck- that is, energy and courage- Vronsky did not merely feel
  On arriving in Peterburg, Vronsky and Anna stayed at one of the best
  On reaching the French theater, Vronsky retired to the foyer with
  On the day before there had been almost a quarrel between Vronsky
  On the day of his arrival Vronsky went to his brother's. There he
  On the day of the races at Krasnoe Selo, Vronsky had come earlier
  On waking up late in the morning after the races, Vronsky put on a
  One of the first ladies of Peterburg society whom Vronsky saw was
  Serpukhovskoy had planned his appointment at Tashkend, and Vronsky
  That room was not the smart guestchamber Vronsky had suggested,
  That which to Vronsky had been for almost a whole year the one
  The day after his arrival Vronsky went to her, and finding her
  The ladies got in, while Vronsky and Stepan Arkadyevich followed the
  The pose chosen by Vronsky with their removal into the palazzo was
  The shower did not last long, and by the time Vronsky arrived, his
  Their stay in Peterburg was the more painful to Vronsky because he
  They went out together. Vronsky was in front with his mother. Behind
  They were Vronsky with a jockey, Veslovsky, and Anna on horseback,
  Today he was celebrating the success of his jockey. Vronsky sat at
  Upon his departure from Peterburg Vronsky had left his large
  Vronsky acted in this matter quite differently from Levin. He
  Vronsky and Anna had been traveling for three months together in
  Vronsky and Anna spent the whole summer and part of the autumn in
  Vronsky and Anna still sat at the little table.
  Vronsky and Kitty waltzed several times round the room. After the
  Vronsky arrived at the theater at half-past eight The performance
  Vronsky at once divined that Golenishchev was of this class, and
  Vronsky at the first moment felt embarrassed at not even knowing
  Vronsky besought her to be calm, and declared that there was no
  Vronsky bowed to her and stopped to greet Stremov.
  Vronsky called the valet back, and told him to bring the telegram.
  Vronsky came to the side of the bed, and seeing Anna, again hid
  Vronsky could not understand exactly what had passed between the
  Vronsky could not understand how she, with her strong and truthful
  Vronsky defended Mikhailov, but at the bottom of his heart he
  Vronsky did not hear him. With rapid steps he went downstairs; he
  Vronsky did not speak; his handsome face was serious, but
  Vronsky drove to the French theater, where he really had to see
  Vronsky followed the guard to the carriage, and at the door of the
  Vronsky for the first time experienced a feeling of anger against
  Vronsky gave a hardly perceptible shrug. He was at a complete loss
  Vronsky glanced at her, and immediately got out of the carriage.
  Vronsky glanced at them, frowned, and looking down at his book as
  Vronsky got up and, looking cordially at Levin, shook hands with
  Vronsky had as a fact promised to call at Briansky's, some ten
  Vronsky had come to the elections partly because he was bored in the
  Vronsky had gone home, but in the morning he came to inquire, and
  Vronsky had long before promised Sviiazhsky to go to them.
  Vronsky had never had a real home life. His mother had been in her
  Vronsky had never spoken to him of his passion, but he was aware
  Vronsky had not even attempted to fall asleep all that night. He sat
  Vronsky had not had time to look at the saddle, about which he had
  Vronsky had not yet seen Anna. He purposely avoided looking in her
  Vronsky had several times already, though not so resolutely as
  Vronsky had that winter got his promotion, was now a colonel, had
  Vronsky heard with pleasure this lighthearted prattle of a pretty
  Vronsky in amazement raised his head, and stared, as he knew how
  Vronsky intentionally avoided that select crowd of upper world,
  Vronsky knew that further efforts were useless, and that he had to
  Vronsky listened attentively to Levin, as he always did listen,
  Vronsky listened attentively, but he was not so much interested by
  Vronsky looked at Levin and Countess Nordstone, and smiled.
  Vronsky looked inquiringly at her. She nodded. He thanked her by a
  Vronsky looked round for the last time at his rivals. He knew that
  Vronsky looked wonderingly at the Prince with his firm eyes, and,
  Vronsky made no reply, and saying a few words to Princess
  Vronsky meant that after the duel- inevitable, he thought- things
  Vronsky mentioned the names of the guests. "The dinner was
  Vronsky noticed that Betsy's enthusiasm waned when she learned
  Vronsky once more took in at one glance the beautiful lines of his
  Vronsky opened the letter, and flushed crimson.
  Vronsky openly flirted with Kitty at balls, danced with her, and
  Vronsky rolled with laughter. And, long afterward, even when he
  Vronsky satisfied all the mother's desires. Very wealthy, clever, of
  Vronsky saw all the thanklessness of the business, and that a duel
  Vronsky saw from her eyes that she did not know on what terms he
  Vronsky saw nothing and no one. He felt himself a king, not
  Vronsky smiled with a look that seemed to say that he did not deny
  Vronsky stepped into the carriage. His mother, a dried-up old lady
  Vronsky stepped out onto the platform and shouted: "Oblonsky! Here!"
  Vronsky stood still and asked directly: "How so? Do you mean he
  Vronsky stood still, looked intently at him, recognized him, and
  Vronsky stopped.
  Vronsky took off his soft, wide-brimmed hat and passed his
  Vronsky took the letter and his brother's note. It was the letter he
  Vronsky understood now that this was Madame Karenina.
  Vronsky warmly squeezed his outstretched hand.
  Vronsky was at the head of the race, just as he wanted to be and
  Vronsky was eating his beefsteak when she came into the dining room.
  Vronsky was frowning and looking straight before him, as though he
  Vronsky was gazing at Anna, and with a heart sinking was waiting for
  Vronsky was in fact beginning, prematurely, to get a little bald. He
  Vronsky was longing now to hear Serpukhovskoy to the end, and know
  Vronsky was not merely acquainted with all the persons whom he was
  Vronsky was satisfied. He had never expected to find so pleasant a
  Vronsky was staying in a roomy, clean, Finnish hut, divided into two
  What Vronsky attacked first, as being the easiest, was his pecuniary
  When he got home, Vronsky found there a note from Anna. She wrote:
  When she went into the bedroom, Vronsky looked intently at her. He
  When Vronsky had looked at his watch on the Karenins' balcony, he
  When Vronsky returned home, Anna was not yet home. Soon after he had
  When Vronsky turned the opera glasses again in that direction, he
  While Betsy was pouring out the tea, Vronsky walked up to Anna.
  With a slight smile Vronsky went on talking to Sviiazhsky, obviously
  With trembling hands Anna took the telegram, and read what Vronsky
(Iashvin had betted heavily on Vronsky in the races.)
a little talk with him. Vronsky knew that it was all about the same
a swallow-tailed coat. Vronsky presented the doctor and the steward to
about her, and Alexei Vronsky told him directly that he looked upon
about Vronsky and Anna. "I can't, of course, take it upon myself to
after they had moved into it, to confirm in Vronsky the agreeable
again his list of debts, Vronsky copied it, dividing it into three
Alexandrovich had agreed to a divorce, and that therefore Vronsky
Alexandrovich had gone away without saying anything. "I saw Vronsky
Alexei Alexandrovich went into the boudoir where Vronsky was
and also was sorry for her, and afraid that Vronsky did not fully
and by Mikhailov- ought to have shown Vronsky the difference between
and down. Cord, too, scowled, and followed Vronsky almost ambling.
and found Vronsky there- Vronsky was sousing his head with water. He
and gazed with fixed eyes at Vronsky as he went up to his horse and
and he saw in Vronsky only a hero and an old friend.
And of all men he was the only one with whom Vronsky would have
and Vronsky did not hear the end of the phrase and the cadence of
angrily at Vronsky he suddenly scowled. He had often heard this word
Anna had intentionally not responded to Vronsky's bow. Vronsky went up
Annushka's husband. "Our parasites,"- she remembered how Vronsky had
another. And can Anna attract and keep Count Vronsky in that way? If
approached him, that Vronsky saw him but was pretending not to see.
aristocracy of Vronsky or of anybody else, beside which I can be
Arkadyevich, Sviiazhsky, and the rest, because Vronsky in his
art, and could forget about Vronsky's painting. He knew that Vronsky
as she recognized him. Behind rode Vronsky on a dark bay mare,
as though seeking someone. In that brief look Vronsky had time to
asked Vronsky to come to a concert for the benefit of the brethren
asleep when Vronsky and Iashvin came into the hut.
at the reins, first on one side and then the other, and Vronsky
at this lady's appearance Vronsky classified her as belonging to the
atmosphere or the wine he had drunk, Levin chatted away to Vronsky
awaken between Vronsky and me? Is there possible, if not happiness,
ball, recalled Vronsky and his enamored, submissive face; she recalled
bear hunt, and Vronsky fell asleep. He waked up in the dark, trembling
beautify his home, Vronsky felt a need to show off the improvements to
before him, and was thinking whether it was true that Vronsky was
behind, when suddenly Vronsky heard the sound of a horse galloping
Betsy was a Vronsky by birth, and his cousin. Vronsky went
between Vronsky and Levin, as a woman she saw something they had in
boy, always at the head of the class, Vronsky could not make out the
brought Vronsky a note.
burdensome love to which he had to return, struck Vronsky by their
but feel this, and the roles were suddenly reversed. Vronsky felt
but then, for his own delectation, proceeded to question Vronsky about
But Vronsky kept on regarding him as if he were a lamppost, and the
but, hearing how she spoke of Vronsky before her, she almost felt
called in Vronsky precisely because he knew him to be an honorable and
called up both in Vronsky and in Anna a feeling akin to the feeling of
can get, hoping to find nourishment in it, Vronsky quite unconsciously
cardsharper in Vronsky's presence. Vronsky had wanted to pay the money
center upon which all eyes were fastened, Vronsky walked up to his
chance!" she added, giving Vronsky the one finger free from holding
chanced to be vis-a-vis with Vronsky and Anna. She had not been near
closer to people he did not respect. He called Vronsky "Your
clumsy movement made by Vronsky had broken her back. But that he
colonel and Vronsky were both fully aware that Vronsky's name and
Consequently Vronsky had the right to despise Levin, and therefore
contemptuously indulgent with his inferiors. Vronsky was himself the
contradictory letter that Vronsky received, and, without reading it
could never enter her head that Vronsky could mean anything more to
Count Vronsky to come here. However, if..."
crossed, but Vronsky began to hear the snorting and thud of
dangerous. Alexandre Vronsky smiled gaily.
darted out. "Ah, there he is!" she said, seeing Vronsky coming to meet
Darya Alexandrovna, watching Anna and Vronsky attentively, detected it
delight on recognizing one another. Vronsky would never have
dining at home. Vronsky was never at Alexei Alexandrovich's house, but
disappear. Vronsky went into the hall. His brows were scowling, and
dismissing Vronsky entirely, he said to his wife: "I am rather lucky
diversion from the monotony of his life, Vronsky looked once more at
dull eyes were fastened upon Vronsky's face. Vronsky bowed, and Alexei
evenly. But before the obstacle they were approaching, Vronsky began
everyone, Vronsky got into Iashvin's hackney coach and told the
everything very much, but most of all she liked Vronsky himself,
everything, which gave Vronsky apparent satisfaction.
excellent cook Vronsky had brought from the country; and his
existence, which had provided Vronsky with entertainment on previous
faces, met together in the pavilion and drew the numbers. Vronsky drew
fact that his wife was sitting with Vronsky at a table apart, in eager
far, so good; but Vronsky knew that in this dirty business, though his
filled with water and two arsheenes wide. Vronsky did not even look at
for a drawing room, Vronsky made no rejoinder, but by way of trying to
from Vronsky the photographs of her son, and glancing significantly at
glove taking the playbill Vronsky picked up, and suddenly at that
Golenishchev spoke well. But Vronsky was startled and annoyed by the
Golenishchev, but Vronsky was incapable of deceiving and torturing
Golenishchev, in whose view Vronsky had both talent, and, what was
grateful for her portrait. Vronsky was more than courteous with him,
greatest friend in the regiment. Vronsky liked him both for his
greeting brought Vronsky to a standstill.
had taken for Vronsky at the Zemstvo election, but chiefly for the
half-past eight o'clock. Vronsky glanced at Anna at the precise
hastened to address Vronsky loudly by name, with a meaning glance at
he wanted to go to the town to a session or a race, Vronsky would have
Hence Vronsky had met him with the chilling and haughty manner he so
her expression, folded her hands, and Vronsky suddenly saw in her
her, was all that Vronsky could have desired. Obviously without the
her," Vronsky said to Anna, who wanted to go on to the stud farm,
him so much," Anna continued. "I met Vronsky at the railway station."
himself in such a difficult position. But Vronsky felt that now
his charge, and he had to show him the sights worth seeing. Vronsky
his demesne. Vronsky and Anna were sitting almost opposite her. She
his epaulet. Vronsky looked round angrily, but his face lighted up
his neck, drew him rapidly to her, and kissed him warmly. Vronsky
hotels; Vronsky apart in a lower story, Anna above with her child, its
hour later Vronsky had regained his self-possession. But the memory of
how far she could make up to him for all he had given up. Vronsky
in the boat- show Darya Alexandrovna the riverbanks," Vronsky
in their separate stalls, and Vronsky knew that his chief rival,
in!" Vronsky told the servant not to announce him, and slipped
infallibly called up in Vronsky that strange feeling of inexplicable
inner rope. Makhotin would not let her pass that side. Vronsky had
it, and met Vronsky as good-humoredly as before.
it? Nothing. Vronsky said something silly, which it was easy to put an
Italian life so fascinated Vronsky that even his hat, and a plaid
ladies got up. Vronsky asked Sviiazhsky to take in Anna Arkadyevna,
last to Vronsky's bow, and how Vronsky looked with amiable
laughing. Vronsky in particular laughed with such simplehearted
letting of lands, Vronsky was hard as a rock, and knew well how to
like to draw them. This was what Vronsky was experiencing in regard to
line," said Vronsky in English.
long as he adhered to them, Vronsky felt that his heart was at peace
looked down upon? You consider Vronsky an aristocrat, but I don't. A
looked gravely at him; and, as though he, too, knew where Vronsky
Looking round him in the twilight of the horse box, Vronsky
ludicrous- but kind and straightforward and grand. Vronsky could not
make a profit, Vronsky did not give in. He listened to his steward,
man, and nothing else. He was a gentleman, it was true, and Vronsky
meetings. Especially often did she meet Vronsky at Betsy's, for
met Vronsky at Princess Marya Borissovna's. It was very hard for her
must certainly take that room," she said to Vronsky in Russian,
must go with Vronsky to this government clerk and apologize. The
near the "devil," as the solid barrier was called. Vronsky was aware
nearest to his heart. Vronsky was aware of his comrades' view of
nothing to be ashamed of, Vronsky got out of his sleigh and went to
observe, that both Anna and Vronsky wanted to speak, "in former days
of fire, glanced sideways at Vronsky. Vronsky slipped his finger under
of his motion that Vronsky knew how greatly the mare had quickened her
of intense excitement. She had learned that Anna and Vronsky were in
of Levin. In her memories of Vronsky there always entered a certain
offering, and straightened his white tie. Vronsky walked into the
officers. At twelve o'clock, as Vronsky was driving up from the
officers. Vronsky had put his name down, bought a thoroughbred English
on. Vronsky saw him get into the carriage without looking back,
only thing Vronsky could think of just now.
opened the door into the second horsebox on the left, and Vronsky
opinions and Vronsky was able to follow them even without knowing
or lying. One thing only could and ought to be done, and Vronsky
or where her husband was, Vronsky drove straight to the Karenins'.
other baggage. Vronsky gave his mother his arm; but just as they
others kept the game up for a long time. Sviiazhsky and Vronsky both
over her head.) Those details Vronsky learned later; at the moment all
own reason. Vronsky was continually conscious of the necessity of
Peterburg Vronsky intended to arrange a partition of the land with his
Peterburg, she went with Vronsky to Moscow. Expecting every day an
photograph of Vronsky taken at Rome in a round hat and with long
porter glanced at him. In the very doorway Vronsky almost ran up
Prince, and Vronsky and Sergei Ivanovich.
Princess; yet her assurance could not be perfect. Vronsky had told
proposed to her and she had refused him, while Vronsky had deceived
put her to shame and turn her out, Vronsky might grow cold to her
rapturously to the words Vronsky murmured as he saw her down to her
realize what had happened, Vronsky tugged at his mare's reins. Again
reason why the Prince was so particularly disagreeable to Vronsky
recalled Vronsky so vividly that she got up hurriedly, restraining her
recalling how Vronsky had looked at Alexei Alexandrovich.
recognition of their success by everyone. Vronsky knew that radiant
recognized him, and only then recalled that Vronsky had told her the
relief that Vronsky broke away from the plaintive eyes of Golenishchev
remained, as Vronsky had described, uncertain.
representing to Vronsky that he might get the thing cheaper, and so
ridiculous. But though Vronsky had not the least suspicion of what the
right thing to say, while Vronsky desired and dreaded his doing so.
right.' When Vronsky appeared on the scene, she was still more
role- Vronsky was incapable of feeling either envious of
same time elegant. Making way for the lady who had come in, Vronsky
satisfaction with a weapon in his hand, and Vronsky was prepared for
Seeing that Vronsky did not turn round, the young officer got up.
seen her with Vronsky had been yesterday. He suspected she had not
self-possession), Vronsky drove to the sheds. From the sheds he
She blushed when Vronsky brought in Golenishchev, and he was extremely
she called Vronsky in her thoughts); "no one but he can tell me what I
She was not looking in his direction, but Vronsky felt that she had
soon turn up. Vronsky unaccountably followed her lead, hoping too that
soul," Vronsky thought, though it was only from this portrait that
squadron. Vronsky felt, too, how powerful Serpukhovskoy might become
Stepan Arkadyevich was talking with Vronsky near the door at the
still more exasperated, would have answered; but Vronsky with his
stubborn, and venomous countenance. With him Vronsky was simple and
study, more than once made Vronsky crimson with indignation. The chief
swinging as he walked, he went into the hall where Vronsky was, he had
talked like acquaintances. But, in spite of this caution, Vronsky
teeth, but Vronsky looked at him angrily. He did not like him, and
tell Vronsky of Levin's intentions in regard to Kitty. "No, you
that he smiled. Vronsky passed Makhotin, but he was immediately
that insolvable question had occurred to him as to whether Vronsky
The husband." Only now, for the first time, did Vronsky realize
the platform, Vronsky in his long overcoat and slouch hat, with his
the quiet, soft, and calm voice of Vronsky refusing.
the reflection that as Vronsky would not be here, she had better
the regiment was fond of him. They were not only fond of Vronsky in
the very moment when Vronsky felt himself in the air, he suddenly
Their eyes met, and Vronsky gave him a friendly and encouraging nod.
their officer and comrade. Vronsky moved into the middle of the
thing. I can't forgive Vronsky for not letting me know when she was in
to enjoy to the utmost all Russian forms of amusement. Vronsky was
to him, and Makhotin passed at a swift gallop. Vronsky was touching
to those oases Vronsky at once directed his attention, and with them
touched his hat; but Vronsky turned to Anna Arkadyevna:
toward the place where Vronsky had fallen; but it was so far off,
under her soft, delicate coat. Vronsky patted her strong neck,
under the government. Vronsky and he had gone completely different
Vronsky and all his comrades knew Kuzovlev and his peculiarity of
Vronsky and Golenishchev were brought to him. In the morning he had
Vronsky and I did not find that happiness either, though we expected
Vronsky and Madame Karenina must be, Mikhailov supposed, distinguished
Vronsky bowing, "that no doubt you do not remember me."
Vronsky by its decision and its grace, she flung her left arm around
Vronsky caught sight of her, coming upon her in the mazurka, he did
Vronsky could not answer questions, could not speak to anyone. He
Vronsky detected in him was that subdued, continual beaming which
Vronsky during a mazurka. This conversation had partly reassured the
Vronsky every time as something new and unexpected. He stood still,
Vronsky everywhere. Alexei Alexandrovich saw this, but was powerless
Vronsky fell to the ground, and Anna moaned aloud, there was nothing
Vronsky felt a thrill of agonizing anxiety, and hoping to find out
Vronsky felt the delightful sensation of coming back to the insouciant
Vronsky forgot now all that he had thought on the way of the hardships
Vronsky found so irksome. This child's presence always and
Vronsky had cleared the worst barrier, the next officer had been
Vronsky had done it, he hid his face in his hands in shame.
Vronsky had slighted her, and she had slighted him, Levin.
Vronsky had taken. "There's a first-rate Tintoretto there. One of
Vronsky had written carelessly.
Vronsky heard the name of Karenin, and noticed how the colonel
Vronsky is the soul of honor, and he is going away to Tashkend."
Vronsky kicked her with his heel in the stomach and again fell to
Vronsky longed to see Gladiator, whom he had never seen, but Vronsky
Vronsky respected and liked Iashvin particularly because he felt
Vronsky said to himself, catching the significance of Golenishchev's
Vronsky said, with good-natured playfulness, holding out his hand.
Vronsky sat down at the table, surrounded by friends, who were
Vronsky sat down by Serpukhovskoy. They both sat down in the
Vronsky saw; to Vronsky he was Katka Maslov- that had been his
Vronsky suddenly caught sight of Anna's head, proud, strikingly
Vronsky that he mustn't be afraid, that he would be tender and careful
Vronsky to be as friendly as possible.
Vronsky was for her only one of the hundreds of young men, forever
Vronsky was going by this train. For an instant Stepan Arkadyevich's
Vronsky was not in the compartment.
Vronsky was painting a head for his picture, was the one hidden
Vronsky was used to Princes, but, either because he had himself
Vronsky who was entering.
Vronsky. Alexei Alexandrovich was regarding Vronsky with
Vronsky. It was apparent at the first glance. Vronsky was a squarely
was in full swing. The little old boxkeeper, recognizing Vronsky as he
we are now!" And Alexei Vronsky was there too, and he, too, was her
went to smoke, and Vronsky went down with him to his own rooms.
what Vronsky had without apparent connection said in the garden of his
When he was present, both Vronsky and Anna did not merely avoid
when his chin quivered, then, as Alexandre Vronsky knew, he was
which frightened Vronsky by their indefiniteness. Only the day
who met her eyes. Vronsky was looking through the photographs of her
whom he was irritated and angry. Was it worth it? Vronsky disliked it,
with an outsider, she called Vronsky simply Alexei, and said they were
with Anna, Vronsky had begun to feel that his code of principles did
with the same smile looked around at Vronsky. Vronsky bowed low and
with the sight of Vronsky racing, became aware of her husband's cold
won't be pleasant for Vronsky to see him. Say what you will, I'm
words to Countess Nordstone when Vronsky came up again for the first
words. Vronsky and Anna too said something in that subdued voice which
worry him? That Vronsky paid you attentions- that happens to every
would have been, Vronsky had till then considered, disgraceful and
you do receive!" Vronsky interrupted her still more gloomily, and he
