brown
The quick brown fox sat on a log
The quirky brown fox sat on a rock
